Microchip MPLAB XC8 Compiler V2.46

Linker command line:

-W-3 --edf=/opt/microchip/xc8/v2.46/pic/dat/20240104201356_en.msgs -cn \
  -h+dist/default/production/RTOS_2024_1.X.production.sym \
  --cmf=dist/default/production/RTOS_2024_1.X.production.cmf -z -w9 \
  --disl=596:off --norlf -Q18F4520 -o/tmp/xcXhaIInd/driver_tmp_3.o \
  --defsym=__MPLAB_BUILD=1 \
  -Mdist/default/production/RTOS_2024_1.X.production.map \
  --md=/tmp/xcXhaIInd/driver_tmp_0.dat -E1 -ver=XC8 Compiler --acfsm=1493 \
  -ACODE=00h-07FFFh -ACONST=00h-07FFFh -ASMALLCONST=0600h-06FFhx122 \
  -AMEDIUMCONST=0600h-07FFFh -ACOMRAM=01h-07Fh -AABS1=00h-05FFh \
  -ABIGRAM=01h-05FFh -ARAM=080h-0FFh,0100h-01FFhx5 -ABANK0=080h-0FFh \
  -ABANK1=0100h-01FFh -ABANK2=0200h-02FFh -ABANK3=0300h-03FFh \
  -ABANK4=0400h-04FFh -ABANK5=0500h-05FFh -ASFR=0F80h-0FFFh \
  -ABIGSFR=0F80h-0FFFh -ACONFIG=0300000h-030000Dh -AIDLOC=0200000h-0200007h \
  -AEEDATA=0F00000h-0F000FFh -peeprom_data=EEDATA \
  -preset_vec=00h,intcode,sivt_hi,intcodelo,sivt_lo,powerup,init \
  -pramtop=0600h -psmallconst=SMALLCONST -pmediumconst=MEDIUMCONST \
  -pconst=CONST -AFARRAM=00h-00h \
  -prdata=COMRAM,nvrram=COMRAM,nvbit=COMRAM,rbss=COMRAM,rbit=COMRAM \
  -pfarbss=FARRAM,fardata=FARRAM,nvFARRAM=FARRAM \
  -pintsave_regs=BIGRAM,bigbss=BIGRAM,bigdata=BIGRAM -pbss=RAM \
  -pidata=CODE,irdata=CODE,ibigdata=CODE,ifardata=CODE \
  /tmp/xcXhaIInd/driver_tmp_9.o \
  dist/default/production/RTOS_2024_1.X.production.o 

Object code version is 3.11

Machine type is 18F4520



                Name                               Link     Load   Length Selector   Space Scale
/tmp/xcXhaIInd/driver_tmp_9.o
                init                                  6        6        4        0       0
dist/default/production/RTOS_2024_1.X.production.o
                intcode                               0        0        6        0       0
                temp                                 30       30        1        1       1
                smallconst                          600      600       1E      300       0
                text21                             110C     110C       64      30F       0
                text20                             12EC     12EC       26      30F       0
                text19                              E46      E46       D8      30F       0
                text18                             133C     133C        E      30F       0
                intcode_body                        61E      61E      422      30F       0
                text16                              F1E      F1E       B0      30F       0
                text15                              FCE      FCE       74      30F       0
                text14                             10A8     10A8       64      30F       0
                text13                             12C6     12C6       26      30F       0
                text12                              D6E      D6E       D8      30F       0
                text11                             132E     132E        E      30F       0
                text10                              A40      A40      32E      30F       0
                text9                              1270     1270       30      30F       0
                text8                              1320     1320        E      30F       0
                text7                              134A     134A        8      30F       0
                text6                              1312     1312        E      30F       0
                text5                              1042     1042       66      30F       0
                text4                              12A0     12A0       26      30F       0
                text3                              1170     1170       60      30F       0
                text2                              11D0     11D0       3A      30F       0
                text1                              1352     1352        4      30F       0
                text0                              1240     1240       30      30F       0
                cstackCOMRAM                          1        1       2D        1       1
                cstackBANK0                          80       80       6E       80       1
                bssBIGRAM                           150      150      1BC      150       1
                bssBANK1                            100      100       50      100       1
                bssCOMRAM                            2E       2E        2        1       1
                cinit                              120A     120A       36      30F       0

TOTAL           Name                               Link     Load   Length     Space
        CLASS   CODE           
                intcode                               0        0        6         0
                init                                  6        6        4         0
                text21                             110C     110C       64         0
                text20                             12EC     12EC       26         0
                text19                              E46      E46       D8         0
                text18                             133C     133C        E         0
                intcode_body                        61E      61E      422         0
                text16                              F1E      F1E       B0         0
                text15                              FCE      FCE       74         0
                text14                             10A8     10A8       64         0
                text13                             12C6     12C6       26         0
                text12                              D6E      D6E       D8         0
                text11                             132E     132E        E         0
                text10                              A40      A40      32E         0
                text9                              1270     1270       30         0
                text8                              1320     1320        E         0
                text7                              134A     134A        8         0
                text6                              1312     1312        E         0
                text5                              1042     1042       66         0
                text4                              12A0     12A0       26         0
                text3                              1170     1170       60         0
                text2                              11D0     11D0       3A         0
                text1                              1352     1352        4         0
                text0                              1240     1240       30         0
                cinit                              120A     120A       36         0

        CLASS   CONST          

        CLASS   SMALLCONST     
                smallconst                          600      600       1E         0

        CLASS   MEDIUMCONST    

        CLASS   COMRAM         
                temp                                 30       30        1         1
                cstackCOMRAM                          1        1       2D         1
                bssCOMRAM                            2E       2E        2         1

        CLASS   ABS1           

        CLASS   BIGRAM         
                bssBIGRAM                           150      150      1BC         1

        CLASS   RAM            

        CLASS   BANK0          
                cstackBANK0                          80       80       6E         1

        CLASS   BANK1          
                bssBANK1                            100      100       50         1

        CLASS   BANK2          

        CLASS   BANK3          

        CLASS   BANK4          

        CLASS   BANK5          

        CLASS   SFR            

        CLASS   BIGSFR         

        CLASS   CONFIG         

        CLASS   IDLOC          

        CLASS   EEDATA         

        CLASS   FARRAM         

        CLASS   HEAP           

        CLASS   STACK          



SEGMENTS        Name                           Load    Length   Top    Selector   Space  Class

                bssBANK1                       000100  000050  000150       100       1  BANK1   
                cstackBANK0                    000080  00006E  0000EE        80       1  BANK0   
                intcode_body                   00061E  000D38  001356       30F       0  CODE    
                bssBIGRAM                      000150  0001BC  00030C       150       1  BIGRAM  
                cstackCOMRAM                   000001  000030  000031         1       1  COMRAM  
                reset_vec                      000000  00000A  00000A         0       0  CODE    
                smallconst                     000600  00001E  00061E       300       0  SMALLCON


UNUSED ADDRESS RANGES

        Name                Unused          Largest block    Delta
        BANK0            00EE-00FF             12
        BANK3            030C-03FF             F4
        BANK4            0400-04FF            100
        BANK5            0500-05FF            100
        BIGRAM           0031-007F             4F
                         00EE-00FF             12
                         030C-05FF            2F4
        BIGSFR           0F80-0FFF             80
        CODE             000A-05FF            5F6
                         1356-7FFF           6CAA
        COMRAM           0031-007F             4F
        CONFIG           300000-30000D              E
        CONST            000A-05FF            5F6
                         1356-7FFF           6CAA
        EEDATA           F00000-F000FF            100
        IDLOC            200000-200007              8
        MEDIUMCONST      1356-7FFF           6CAA
        RAM              00EE-00FF             12
                         030C-05FF            100
        SFR              0F80-0FFF             80
        SMALLCONST       1356-7FFF            100

                                  Symbol Table

__HRAM                            (abs)        0000
__H__absolute__                   __absolute__ 0000
__Habs1                           abs1         0000
__Hbank0                          bank0        0000
__Hbank1                          bank1        0000
__Hbank2                          bank2        0000
__Hbank3                          bank3        0000
__Hbank4                          bank4        0000
__Hbank5                          bank5        0000
__Hbigbss                         bigbss       0000
__Hbigdata                        bigdata      0000
__Hbigram                         bigram       0000
__Hbigsfr                         bigsfr       0000
__Hbss                            bss          0000
__HbssBANK1                       bssBANK1     0000
__HbssBIGRAM                      bssBIGRAM    0000
__HbssCOMRAM                      bssCOMRAM    0000
__Hcinit                          cinit        0000
__Hclrtext                        clrtext      0000
__Hcomram                         comram       0000
__Hconfig                         config       0000
__Hconst                          const        0000
__HcstackBANK0                    cstackBANK0  0000
__HcstackCOMRAM                   cstackCOMRAM 0000
__Hdata                           data         0000
__Heeprom_data                    eeprom_data  0000
__Hfarbss                         farbss       0000
__Hfardata                        fardata      0000
__Hheap                           heap         0000
__Hibigdata                       ibigdata     0000
__Hidata                          idata        0000
__Hidloc                          idloc        0000
__Hifardata                       ifardata     0000
__Hintcode_body                   intcode_body 0000
__Hintentry                       intentry     0000
__Hintret                         intret       0000
__Hintsave_regs                   intsave_regs 0000
__Hirdata                         irdata       0000
__Hmediumconst                    mediumconst  0000
__HnvFARRAM                       nvFARRAM     0000
__Hnvbit                          nvbit        0000
__Hnvrram                         nvrram       0000
__Hparam                          rparam       0000
__Hram                            ram          0000
__Hrbit                           rbit         0000
__Hrbss                           rbss         0000
__Hrdata                          rdata        0000
__Hreset_vec                      reset_vec    0000
__Hrparam                         rparam       0000
__Hsfr                            sfr          0000
__Hspace_2                        (abs)        0000
__Hspace_4                        (abs)        0000
__Hstack                          stack        0000
__Hstruct                         struct       0000
__Htext                           text         0000
__Htext0                          text0        0000
__Htext1                          text1        0000
__Htext10                         text10       0000
__Htext11                         text11       0000
__Htext12                         text12       0000
__Htext13                         text13       0000
__Htext14                         text14       0000
__Htext15                         text15       0000
__Htext16                         text16       0000
__Htext18                         text18       0000
__Htext19                         text19       0000
__Htext2                          text2        0000
__Htext20                         text20       0000
__Htext21                         text21       0000
__Htext3                          text3        0000
__Htext4                          text4        0000
__Htext5                          text5        0000
__Htext6                          text6        0000
__Htext7                          text7        0000
__Htext8                          text8        0000
__Htext9                          text9        0000
__L__absolute__                   __absolute__ 0000
__Labs1                           abs1         0000
__Lbank0                          bank0        0000
__Lbank1                          bank1        0000
__Lbank2                          bank2        0000
__Lbank3                          bank3        0000
__Lbank4                          bank4        0000
__Lbank5                          bank5        0000
__Lbigbss                         bigbss       0000
__Lbigdata                        bigdata      0000
__Lbigram                         bigram       0000
__Lbigsfr                         bigsfr       0000
__Lbss                            bss          0000
__LbssBANK1                       bssBANK1     0000
__LbssBIGRAM                      bssBIGRAM    0000
__LbssCOMRAM                      bssCOMRAM    0000
__Lcinit                          cinit        0000
__Lclrtext                        clrtext      0000
__Lcomram                         comram       0000
__Lconfig                         config       0000
__Lconst                          const        0000
__LcstackBANK0                    cstackBANK0  0000
__LcstackCOMRAM                   cstackCOMRAM 0000
__Ldata                           data         0000
__Leeprom_data                    eeprom_data  0000
__Lfarbss                         farbss       0000
__Lfardata                        fardata      0000
__Lheap                           heap         0000
__Libigdata                       ibigdata     0000
__Lidata                          idata        0000
__Lidloc                          idloc        0000
__Lifardata                       ifardata     0000
__Lintcode                        intcode      0000
__Lintcode_body                   intcode_body 0000
__Lintentry                       intentry     0000
__Lintret                         intret       0000
__Lintsave_regs                   intsave_regs 0000
__Lirdata                         irdata       0000
__Lmediumconst                    mediumconst  0000
__LnvFARRAM                       nvFARRAM     0000
__Lnvbit                          nvbit        0000
__Lnvrram                         nvrram       0000
__Lparam                          rparam       0000
__Lram                            ram          0000
__Lrbit                           rbit         0000
__Lrbss                           rbss         0000
__Lrdata                          rdata        0000
__Lreset_vec                      reset_vec    0000
__Lrparam                         rparam       0000
__Lsfr                            sfr          0000
__Lspace_0                        (abs)        0000
__Lspace_1                        (abs)        0000
__Lspace_2                        (abs)        0000
__Lspace_4                        (abs)        0000
__Lstack                          stack        0000
__Lstruct                         struct       0000
__Ltext                           text         0000
__Ltext0                          text0        0000
__Ltext1                          text1        0000
__Ltext10                         text10       0000
__Ltext11                         text11       0000
__Ltext12                         text12       0000
__Ltext13                         text13       0000
__Ltext14                         text14       0000
__Ltext15                         text15       0000
__Ltext16                         text16       0000
__Ltext18                         text18       0000
__Ltext19                         text19       0000
__Ltext2                          text2        0000
__Ltext20                         text20       0000
__Ltext21                         text21       0000
__Ltext3                          text3        0000
__Ltext4                          text4        0000
__Ltext5                          text5        0000
__Ltext6                          text6        0000
__Ltext7                          text7        0000
__Ltext8                          text8        0000
__Ltext9                          text9        0000
__S4                              (abs)        0000
__S5                              (abs)        0000
___heap_hi                        (abs)        0000
___heap_lo                        (abs)        0000
___inthi_sp                       stack        0000
___inthi_stack_hi                 stack        0000
___inthi_stack_lo                 stack        0000
___intlo_sp                       stack        0000
___intlo_stack_hi                 stack        0000
___intlo_stack_lo                 stack        0000
___param_bank                     (abs)        0000
___sp                             stack        0000
___stack_hi                       stack        0000
___stack_lo                       stack        0000
__mediumconst                     mediumconst  0000
__pintcode                        intcode      0000
_idle                             (abs)        0000
_isr_timer                        intcode      0000
_lcd_init                                          
_lcd_str                                           
intlevel0                         text         0000
intlevel1                         text         0000
intlevel2                         text         0000
intlevel3                         text         0000
isa$xinst                         (abs)        0000
stackhi                           (abs)        0000
stacklo                           (abs)        0000
?___lwmod                         cstackCOMRAM 0001
?i1___wmul                        cstackCOMRAM 0001
?i2___lwmod                       cstackCOMRAM 0001
?i2___wmul                        cstackCOMRAM 0001
__LRAM                            (abs)        0001
___lwmod@dividend                 cstackCOMRAM 0001
___rparam_used                    (abs)        0001
__activetblptr                    (abs)        0001
__pcstackCOMRAM                   cstackCOMRAM 0001
_lcd_str$0                        cstackCOMRAM 0001
i1___wmul@multiplier              cstackCOMRAM 0001
i2___lwmod@dividend               cstackCOMRAM 0001
i2___wmul@multiplier              cstackCOMRAM 0001
isa$std                           (abs)        0001
___lwmod@divisor                  cstackCOMRAM 0003
i1___wmul@multiplicand            cstackCOMRAM 0003
i2___lwmod@divisor                cstackCOMRAM 0003
i2___wmul@multiplicand            cstackCOMRAM 0003
___lwmod@counter                  cstackCOMRAM 0005
i1___wmul@product                 cstackCOMRAM 0005
i2___lwmod@counter                cstackCOMRAM 0005
i2___wmul@product                 cstackCOMRAM 0005
__Hintcode                        intcode      0006
__Hintcodelo                      intcodelo    0006
__Hpowerup                        powerup      0006
__Hsivt_hi                        sivt_hi      0006
__Hsivt_lo                        sivt_lo      0006
__Linit                           init         0006
__Lintcodelo                      intcodelo    0006
__Lpowerup                        powerup      0006
__Lsivt_hi                        sivt_hi      0006
__Lsivt_lo                        sivt_lo      0006
?_round_robin_scheduler           cstackCOMRAM 0007
?i2_round_robin_scheduler         cstackCOMRAM 0007
__Hinit                           init         000A
?_scheduler                       cstackCOMRAM 000F
?i2_scheduler                     cstackCOMRAM 000F
delay_task@time                   cstackCOMRAM 0011
delay_task@stack_size             cstackCOMRAM 0015
delay_task@stack_size_465         cstackCOMRAM 0017
?___awmod                         cstackCOMRAM 0019
___awmod@dividend                 cstackCOMRAM 0019
___awmod@divisor                  cstackCOMRAM 001B
___awmod@counter                  cstackCOMRAM 001D
___awmod@sign                     cstackCOMRAM 001E
?___wmul                          cstackCOMRAM 0022
SRAMInitHeap@pHeap                cstackCOMRAM 0022
___wmul@multiplier                cstackCOMRAM 0022
SRAMInitHeap@count                cstackCOMRAM 0024
___wmul@multiplicand              cstackCOMRAM 0024
___wmul@product                   cstackCOMRAM 0026
create_task@id                    cstackCOMRAM 0028
create_task@prior                 cstackCOMRAM 002A
create_task@func                  cstackCOMRAM 002C
__pbssCOMRAM                      bssCOMRAM    002E
_buffer                           bssCOMRAM    002E
__Ltemp                           temp         0030
btemp                             temp         0030
__Htemp                           temp         0031
__accesstop                       (abs)        0080
__pcstackBANK0                    cstackBANK0  0080
create_task@new_task              cstackBANK0  0080
__pbssBANK1                       bssBANK1     0100
__uDynamicHeap                    bssBANK1     0100
_Ready_queue                      bssBIGRAM    0150
__pbssBIGRAM                      bssBIGRAM    0150
__Hspace_1                        (abs)        030C
__S1                              (abs)        030C
__Hramtop                         ramtop       0600
__Lramtop                         ramtop       0600
__Lsmallconst                     smallconst   0600
__psmallconst                     smallconst   0600
__ramtop                          ramtop       0600
__smallconst                      smallconst   0600
__Hsmallconst                     smallconst   061E
__pintcode_body                   intcode_body 061E
__end_of_isr_timer                intcode_body 0A40
__ptext10                         text10       0A40
_delay_task                       text10       0A40
__end_of_delay_task               text10       0D6E
__ptext12                         text12       0D6E
_round_robin_scheduler            text12       0D6E
__end_of_round_robin_scheduler    text12       0E46
__ptext19                         text19       0E46
___awmod                          text16       0F1E
__end_ofi2_round_robin_scheduler  text19       0F1E
__ptext16                         text16       0F1E
_PORTDbits                        (abs)        0F83
_LATDbits                         (abs)        0F8C
_TRISA                            (abs)        0F92
_TRISDbits                        (abs)        0F95
_ADCON1                           (abs)        0FC1
_ADCON0                           (abs)        0FC2
__end_of___awmod                  text16       0FCE
__ptext15                         text15       0FCE
_tarefa_2                         text15       0FCE
_T0CONbits                        (abs)        0FD5
_TMR0                             (abs)        0FD6
_STATUS                           (abs)        0FD8
_BSR                              (abs)        0FE0
_WREG                             (abs)        0FE8
_INTCON2bits                      (abs)        0FF1
_INTCONbits                       (abs)        0FF2
_STKPTR                           (abs)        0FFC
_TOS                              (abs)        0FFD
_SRAMInitHeap                     text5        1042
__end_of_tarefa_2                 text15       1042
__ptext5                          text5        1042
___lwmod                          text14       10A8
__end_of_SRAMInitHeap             text5        10A8
__ptext14                         text14       10A8
__end_of___lwmod                  text14       110C
__ptext21                         text21       110C
__end_ofi2___lwmod                text21       1170
__ptext3                          text3        1170
_create_task                      text3        1170
__end_of_create_task              text3        11D0
__ptext2                          text2        11D0
_init_zero                        text2        11D0
__end_of_init_zero                text2        120A
__initialization                  cinit        120A
__pcinit                          cinit        120A
__end_of__initialization          cinit        122E
end_of_initialization             cinit        122E
__ptext0                          text0        1240
_main                             text0        1240
__end_of_main                     text0        1270
__ptext9                          text9        1270
_tarefa_1                         text9        1270
___wmul                           text4        12A0
__end_of_tarefa_1                 text9        12A0
__ptext4                          text4        12A0
__end_of___wmul                   text4        12C6
__ptext13                         text13       12C6
__end_ofi1___wmul                 text13       12EC
__ptext20                         text20       12EC
__end_ofi2___wmul                 text20       1312
__ptext6                          text6        1312
_config_hardware                  text6        1312
__end_of_config_hardware          text6        1320
__ptext8                          text8        1320
_config_adc                       text8        1320
__end_of_config_adc               text8        132E
__ptext11                         text11       132E
_scheduler                        text11       132E
__end_of_scheduler                text11       133C
__ptext18                         text18       133C
__end_ofi2_scheduler              text18       134A
__ptext7                          text7        134A
_config_ports                     text7        134A
__end_of_config_ports             text7        1352
__ptext1                          text1        1352
_start_os                         text1        1352
__Hspace_0                        (abs)        1356
__S0                              (abs)        1356
__end_of_start_os                 text1        1356
i2round_robin_scheduler@vez       cstackCOMRAM 000B
i2round_robin_scheduler@next_task cstackCOMRAM 000D
i2_round_robin_scheduler          text19       0E46
i2___lwmod                        text21       110C
i1___wmul                         text13       12C6
i2___wmul                         text20       12EC
i2_scheduler                      text18       133C
int$flags                         temp         0030
int_func                          intcode_body 061E
isr_timer@stack_size              cstackCOMRAM 0017
isr_timer@stack_size_520          cstackCOMRAM 0019
isr_timer@i                       cstackCOMRAM 001B
round_robin_scheduler@vez         cstackCOMRAM 000B
round_robin_scheduler@next_task   cstackCOMRAM 000D
start                             init         0006
start_initialization              cinit        120A
tarefa_2@indice                   cstackCOMRAM 0020
ttemp5                            temp         0031
wtemp8                            temp         0031
ttemp6                            temp         0034
ttemp7                            temp         0038
